INFO Server started
WARNING CPU usage high
INFO Request received
ERROR Service unavailable
INFO Service recovered
